64 words
Humpty --> false
Dumpty --> false
was --> true
sitting --> false
with --> true
his --> true
legs --> false
crossed --> false
like --> true
a --> true
Turk --> false
on --> true
the --> true
top --> false
of --> true
a --> true
high --> false
wall --> true
-- --> false
such --> true
a --> true
narrow --> false
one --> true
that --> true
Alice --> false
quite --> true
wondered --> false
how --> true
he --> true
could --> true
keep --> true
his --> true
balance --> false
-- --> false
and --> true
as --> true
his --> true
eyes --> false
were --> true
steadily --> false
fixed --> false
in --> true
the --> true
opposite --> false
direction --> false
and --> true
he --> true
didn't --> false
take --> true
the --> true
least --> true
notice --> false
of --> true
her --> true
she --> true
thought --> false
he --> true
must --> true
be --> true
a --> true
stuffed --> false
figure --> false
after --> true
all --> true

41 words
The --> true
planet --> false
Mars --> false
I --> true
scarcely --> false
need --> true
remind --> false
the --> true
reader --> false
revolves --> false
about --> true
the --> true
sun --> false
at --> true
a --> true
mean --> true
distance --> false
of --> true
140 --> false
000 --> false
000 --> false
miles --> false
and --> true
the --> true
light --> false
and --> true
heat --> false
it --> true
receives --> false
from --> true
the --> true
sun --> false
is --> true
barely --> false
half --> true
of --> true
that --> true
received --> false
by --> true
this --> true
world --> false

32 words
I've --> true
studied --> false
now --> true
Philosophy --> false
And --> true
Jurisprudence --> false
Medicine --> false
And --> true
even --> true
alas --> false
Theology --> false
All --> true
through --> true
and --> true
through --> true
with --> true
ardour --> false
keen --> false
Here --> true
now --> true
I --> true
stand --> false
poor --> false
fool --> false
and --> true
see --> true
I'm --> true
just --> true
as --> true
wise --> false
as --> true
formerly --> true

