64 words
Humpty --> false
Dumpty --> false
was --> true
sitting --> false
with --> false
his --> false
legs --> false
crossed --> false
like --> false
a --> false
Turk --> false
on --> false
the --> false
top --> false
of --> false
a --> false
high --> false
wall --> false
-- --> false
such --> false
a --> false
narrow --> false
one --> false
that --> false
Alice --> false
quite --> false
wondered --> false
how --> false
he --> true
could --> false
keep --> false
his --> false
balance --> false
-- --> false
and --> false
as --> false
his --> false
eyes --> false
were --> false
steadily --> false
fixed --> false
in --> false
the --> false
opposite --> false
direction --> false
and --> false
he --> true
didn't --> false
take --> false
the --> false
least --> false
notice --> false
of --> false
her --> false
she --> true
thought --> false
he --> true
must --> false
be --> false
a --> false
stuffed --> false
figure --> false
after --> false
all --> false

41 words
The --> false
planet --> false
Mars --> false
I --> true
scarcely --> false
need --> false
remind --> false
the --> false
reader --> false
revolves --> false
about --> false
the --> false
sun --> false
at --> false
a --> false
mean --> false
distance --> false
of --> false
140 --> false
000 --> false
000 --> false
miles --> false
and --> false
the --> false
light --> false
and --> false
heat --> false
it --> true
receives --> false
from --> false
the --> false
sun --> false
is --> true
barely --> false
half --> false
of --> false
that --> false
received --> false
by --> false
this --> false
world --> false

32 words
I've --> false
studied --> false
now --> false
Philosophy --> false
And --> false
Jurisprudence --> false
Medicine --> false
And --> false
even --> false
alas --> false
Theology --> false
All --> false
through --> false
and --> false
through --> false
with --> false
ardour --> false
keen --> false
Here --> false
now --> false
I --> true
stand --> false
poor --> false
fool --> false
and --> false
see --> false
I'm --> false
just --> false
as --> false
wise --> false
as --> false
formerly --> false

