

=== Attribute Selection on all input data ===

Search Method:
	Attribute ranking.


     J || SU(j,Class) ||    I || SU(i,j). 
     3 ;    1         ;     *
     2 ;    0.618977  ;     3 ; 0.6189770040174556
     1 ;    0.3987532 ;     3 ; 0.39875321459928403
     4 ;    0         ;     3 ; 0.0

Attribute Evaluator (supervised, Class (nominal): 5 Class):
	Symmetrical Uncertainty Ranking Filter

Ranked attributes:
 1  3 Numeric1

Selected attributes: 3 : 1

