

=== Attribute Selection on all input data ===

Search Method:
	Attribute ranking.

Attribute Evaluator (supervised, Class (nominal): 5 Class):
	OneR feature evaluator.

	Using 10 fold cross validation for evaluating attributes.
	Minimum bucket size for OneR: 6

Ranked attributes:
 100  3 Numeric1
  90  2 Nominal2
  85  1 Nominal1
  35  4 Date1

Selected attributes: 3,2,1,4 : 4

