

=== Attribute Selection on all input data ===

Search Method:
	Attribute ranking.

Attribute Evaluator (supervised, Class (nominal): 5 Class):
	Information Gain Ranking Filter

Ranked attributes:
 1      3 Numeric1
 0.61   2 Nominal2
 0.397  1 Nominal1
 0      4 Date1

Selected attributes: 3,2,1,4 : 4

