@relation FilterTest-weka.filters.unsupervised.attribute.RandomSubset-N0.5-S1

@attribute StringAtt1 string
@attribute NominalAtt1 {r,g,b}
@attribute StringAtt2 string
@attribute NominalAtt2 {a,b,c,d}

@data
humpty,g,the,a
dumpty,b,quick,b
sat,r,brown,c
on,r,fox,d
a,b,jumped,a
wall,r,over,b
humpty,r,the,c
dumpty,g,lazy,d
had,b,dog,?
a,r,?,?
great,r,the,a
fall,b,quick,b
all,r,brown,c
the,r,fox,d
kings,g,jumped,?
horses,b,over,b
and,r,the,c
all,r,lazy,d
the,r,?,a
{0 wall,2 the,3 d}
{0 humpty,1 b,2 lazy}
