@relation Testdata-weka.filters.unsupervised.attribute.InterquartileRange-Rfirst-last-O3.0-E6.0

@attribute Nominal1 {att1val1,att1val2}
@attribute Numeric1 numeric
@attribute String1 string
@attribute Date1 date yyyy-mm-dd
@attribute Relational1 relational
@attribute Nominal1 {att1val1,att1val2}
@attribute Numeric1 numeric
@attribute String1 string
@attribute Date1 date yyyy-mm-dd
@end Relational1
@attribute Outlier {no,yes}
@attribute ExtremeValue {no,yes}

@data
att1val2,2.830952,'dog over quick lazy quick The brown the brown',2032-01-01,'att1val1,-0.34066,\'over lazy fox lazy fox over The The quick\',2060-01-01,class1\natt1val2,0.352254,\'fox quick quick dog fox brown brown The lazy\',2083-01-01,class1\natt1val1,-0.321945,\'brown jumps jumps The jumps dog The fox brown\',2079-01-01,class1\natt1val1,-0.387179,\'The brown dog lazy dog the The fox The\',2043-01-01,class1\natt1val1,0.13687,\'brown fox brown lazy lazy brown the The dog\',2019-01-01,class1\natt1val1,0.301157,\'the brown The jumps the over jumps jumps dog\',2042-01-01,class1\natt1val1,0.336315,\'fox brown lazy jumps lazy the fox over jumps\',2042-01-01,class1\natt1val2,0.096579,\'dog fox dog quick jumps the jumps The brown\',2032-01-01,class1\natt1val2,0.179935,\'lazy fox quick fox brown fox fox over dog\',2074-01-01,class1\natt1val1,0.470622,\'the quick quick quick jumps lazy jumps over fox\',2086-01-01,class1',no,no
att1val1,2.854727,'quick dog fox lazy brown dog The over the',2034-01-01,'att1val1,-0.283593,\'the over the quick brown jumps brown over the\',2053-01-01,class1\natt1val1,0.089894,\'brown brown jumps fox quick the jumps brown lazy\',2095-01-01,class1\natt1val1,-0.457821,\'over the The brown jumps The over The brown\',2063-01-01,class1\natt1val1,-0.437213,\'the the quick the The fox over dog dog\',2049-01-01,class1\natt1val1,0.219076,\'the brown quick dog over dog dog quick over\',2068-01-01,class1\natt1val1,-0.329139,\'over brown the quick brown The brown dog brown\',2068-01-01,class1\natt1val1,0.101915,\'brown The the jumps jumps The quick quick lazy\',2008-01-01,class2\natt1val1,-0.400679,\'jumps the quick lazy the brown The The quick\',2023-01-01,class2\natt1val1,-0.402565,\'The lazy dog The jumps lazy The lazy quick\',2075-01-01,class1\natt1val1,0.083743,\'brown jumps fox brown jumps jumps quick fox fox\',2080-01-01,class1',no,no
att1val1,3.229656,'lazy quick brown jumps jumps quick quick quick dog',2072-01-01,'att1val2,-0.415279,\'dog The lazy the The the brown the over\',2067-01-01,class2\natt1val1,0.24786,\'fox over jumps jumps over the The fox jumps\',2025-01-01,class2\natt1val2,0.040535,\'lazy brown brown quick lazy fox jumps quick lazy\',2069-01-01,class1\natt1val1,0.067033,\'the brown jumps lazy brown dog the over The\',2074-01-01,class1\natt1val1,-0.207018,\'dog quick the brown lazy brown lazy lazy fox\',2084-01-01,class1\natt1val1,0.218146,\'quick The the jumps over the brown the quick\',2052-01-01,class1\natt1val1,0.364376,\'the the fox the fox dog brown over lazy\',2081-01-01,class1\natt1val1,0.019235,\'lazy the the the quick lazy over over quick\',2030-01-01,class1\natt1val1,0.351922,\'quick The over the quick jumps quick dog brown\',2023-01-01,class1\natt1val1,-0.194281,\'fox brown jumps dog dog brown jumps over dog\',2099-01-01,class1',no,no
att1val1,2.088812,'brown fox jumps fox The fox over The quick',2020-01-01,'att1val1,0.072732,\'the lazy over jumps dog dog dog jumps lazy\',2055-01-01,class1\natt1val1,0.03305,\'brown over the lazy the lazy brown the quick\',2006-01-01,class1\natt1val1,0.280363,\'brown the The the dog fox lazy over the\',2099-01-01,class1\natt1val1,0.268814,\'lazy jumps quick lazy dog jumps over dog the\',2059-01-01,class1\natt1val1,-0.193049,\'The over jumps jumps lazy the lazy fox lazy\',2071-01-01,class1\natt1val1,0.418377,\'over dog The the quick The quick The brown\',2085-01-01,class1\natt1val1,0.218266,\'over fox The quick fox quick dog brown over\',2048-01-01,class1\natt1val1,-0.481604,\'The over quick The the over brown dog lazy\',2062-01-01,class1\natt1val1,0.258949,\'brown jumps brown jumps dog brown quick lazy the\',2072-01-01,class1\natt1val2,0.426603,\'quick The fox The fox lazy The The lazy\',2069-01-01,class1',no,no
att1val1,3.666875,'quick The dog fox quick jumps lazy over quick',2053-01-01,'att1val2,0.408114,\'fox fox the brown the the The dog quick\',2006-01-01,class1\natt1val1,0.156331,\'The lazy the jumps lazy fox fox dog fox\',2025-01-01,class1\natt1val1,0.266686,\'over the quick quick over The jumps quick jumps\',2026-01-01,class1\natt1val1,0.441741,\'over lazy quick jumps the brown The quick fox\',2000-01-01,class1\natt1val2,-0.192026,\'fox jumps lazy lazy lazy dog dog fox over\',2015-01-01,class1\natt1val1,-0.439847,\'over over lazy The the fox the jumps quick\',2098-01-01,class2\natt1val1,-0.121263,\'brown dog brown quick quick lazy jumps The dog\',2092-01-01,class2\natt1val1,0.003797,\'brown lazy lazy lazy fox lazy brown dog jumps\',2012-01-01,class1\natt1val2,-0.176046,\'lazy jumps jumps The fox over the over the\',2029-01-01,class2\natt1val1,-0.051652,\'The fox over fox over lazy brown the fox\',2082-01-01,class2',no,no
att1val1,4.294757,'jumps brown brown quick lazy lazy jumps the quick',2000-01-01,'att1val1,0.001236,\'The the quick the fox quick lazy the fox\',2016-01-01,class2\natt1val1,0.05996,\'quick dog fox quick dog The lazy over the\',2046-01-01,class1\natt1val1,-0.104532,\'fox quick fox over The dog jumps fox quick\',2016-01-01,class1\natt1val1,-0.380123,\'The brown the quick The jumps over fox over\',2096-01-01,class1\natt1val1,-0.229987,\'dog fox dog the dog brown brown fox the\',2017-01-01,class1\natt1val1,0.437977,\'the quick quick over fox The jumps The brown\',2020-01-01,class1\natt1val1,-0.081625,\'fox quick jumps over fox quick jumps dog the\',2016-01-01,class1\natt1val1,0.14237,\'over the lazy brown quick The over quick dog\',2086-01-01,class1\natt1val1,-0.393362,\'lazy dog The jumps The lazy brown quick fox\',2048-01-01,class1\natt1val1,0.022001,\'over The lazy over dog fox lazy dog jumps\',2040-01-01,class1',no,no
att1val1,2.691941,'the jumps brown The The quick over over lazy',2083-01-01,'att1val1,-0.078347,\'brown lazy jumps jumps fox The fox lazy The\',2039-01-01,class2\natt1val1,-0.251505,\'quick brown the over The the lazy the fox\',2069-01-01,class1\natt1val1,-0.353498,\'quick fox fox fox quick quick fox The over\',2064-01-01,class1\natt1val1,0.146397,\'lazy over lazy over the quick jumps The lazy\',2097-01-01,class2\natt1val1,0.40186,\'jumps over quick lazy quick over fox jumps dog\',2080-01-01,class1\natt1val1,0.126084,\'The The fox dog dog fox quick fox The\',2092-01-01,class2\natt1val1,-0.411491,\'jumps quick the brown quick brown brown lazy fox\',2082-01-01,class2\natt1val1,-0.100076,\'dog brown jumps brown lazy dog fox quick brown\',2076-01-01,class1\natt1val1,-0.003037,\'quick jumps lazy fox quick The the The quick\',2053-01-01,class1\natt1val1,0.035351,\'over The The quick over fox The lazy the\',2012-01-01,class2',no,no
att1val1,0.27379,'brown over jumps the The jumps The lazy dog',2006-01-01,'att1val1,-0.244555,\'the dog the the lazy fox brown brown fox\',2075-01-01,class2\natt1val1,0.334733,\'jumps jumps jumps lazy over The jumps the fox\',2004-01-01,class1\natt1val1,-0.257466,\'jumps jumps fox The quick dog brown fox The\',2013-01-01,class1\natt1val1,0.420851,\'quick over the dog fox the brown the brown\',2083-01-01,class1\natt1val1,0.163833,\'the fox jumps quick The brown over quick The\',2089-01-01,class1\natt1val1,0.3291,\'over quick The lazy over brown the jumps quick\',2020-01-01,class1\natt1val1,-0.334373,\'brown brown The quick The the The lazy over\',2050-01-01,class1\natt1val1,0.304322,\'The The dog jumps dog The dog the the\',2071-01-01,class1\natt1val1,0.338603,\'the lazy quick lazy the the over dog brown\',2001-01-01,class1\natt1val1,-0.029582,\'the over dog dog quick lazy over fox over\',2053-01-01,class1',no,no
att1val1,0.907023,'fox the lazy dog quick dog over over quick',2065-01-01,'att1val1,0.293369,\'The over quick The lazy The lazy jumps dog\',2098-01-01,class1\natt1val1,-0.083094,\'over over the jumps over The fox quick brown\',2063-01-01,class2\natt1val1,-0.110832,\'lazy jumps over fox over fox fox fox brown\',2040-01-01,class1\natt1val1,0.379641,\'quick jumps brown fox quick dog dog quick brown\',2083-01-01,class1\natt1val2,-0.010003,\'jumps fox dog the fox dog quick brown jumps\',2038-01-01,class1\natt1val1,0.456671,\'the lazy The dog lazy fox lazy The The\',2045-01-01,class1\natt1val1,0.354061,\'dog jumps over quick dog The the dog quick\',2092-01-01,class1\natt1val1,-0.267839,\'the over jumps The dog over dog jumps fox\',2093-01-01,class1\natt1val1,0.367707,\'The quick quick lazy quick dog lazy jumps dog\',2024-01-01,class1\natt1val1,-0.114583,\'dog fox lazy brown lazy the the lazy the\',2045-01-01,class2',no,no
att1val1,3.760109,'brown the lazy over The the quick lazy lazy',2005-01-01,'att1val1,0.315892,\'dog lazy brown dog quick dog brown fox The\',2077-01-01,class1\natt1val2,-0.068219,\'jumps the over the the jumps the the fox\',2023-01-01,class1\natt1val1,0.185398,\'lazy the The lazy quick quick brown the dog\',2040-01-01,class1\natt1val1,0.283336,\'jumps dog jumps dog The over the over fox\',2008-01-01,class1\natt1val1,-0.059638,\'over lazy jumps brown brown over over over lazy\',2059-01-01,class1\natt1val1,0.420451,\'brown brown jumps The over lazy lazy The The\',2061-01-01,class1\natt1val1,-0.407062,\'quick fox brown over quick dog the fox fox\',2040-01-01,class1\natt1val2,-0.052972,\'brown the jumps brown The quick dog brown over\',2031-01-01,class2\natt1val2,-0.223545,\'quick lazy quick fox quick dog the over the\',2068-01-01,class1\natt1val1,-0.052774,\'brown jumps fox over over over fox over quick\',2013-01-01,class1',no,no
att1val1,1.376294,'jumps over over dog lazy the jumps over lazy',2027-01-01,'att1val1,0.362859,\'The brown jumps The fox quick brown the quick\',2003-01-01,class1\natt1val1,0.045371,\'brown brown fox over brown over quick the lazy\',2060-01-01,class1\natt1val1,-0.251896,\'The fox the lazy brown fox the dog the\',2039-01-01,class1\natt1val1,0.114393,\'jumps brown lazy lazy fox over over fox jumps\',2064-01-01,class1\natt1val1,0.198514,\'the The lazy jumps jumps jumps over fox jumps\',2079-01-01,class1\natt1val1,-0.251664,\'dog fox over jumps The The fox brown quick\',2043-01-01,class2\natt1val2,-0.3274,\'over brown dog jumps The over brown jumps lazy\',2044-01-01,class1\natt1val2,-0.376634,\'the quick quick brown brown brown The lazy The\',2049-01-01,class1\natt1val1,0.381502,\'dog quick brown the The The quick jumps over\',2039-01-01,class1\natt1val1,-0.323817,\'dog The jumps fox fox fox The fox The\',2031-01-01,class1',no,no
att1val1,3.044818,'the over dog the brown lazy brown the The',2033-01-01,'att1val1,0.43898,\'quick the quick The The The lazy lazy jumps\',2009-01-01,class1\natt1val1,0.31845,\'lazy the The dog dog fox lazy jumps dog\',2030-01-01,class1\natt1val1,-0.479018,\'The quick dog lazy The fox jumps brown jumps\',2043-01-01,class1\natt1val1,0.386762,\'fox brown brown the brown jumps quick the The\',2042-01-01,class2\natt1val2,0.001921,\'The fox The brown over over quick The the\',2010-01-01,class1\natt1val1,0.326767,\'The jumps dog fox quick the dog brown lazy\',2029-01-01,class1\natt1val1,-0.167296,\'the The fox quick fox quick fox brown The\',2029-01-01,class1\natt1val1,0.386604,\'the quick jumps the jumps the the dog brown\',2019-01-01,class1\natt1val2,-0.003539,\'dog quick The quick the the brown lazy the\',2028-01-01,class1\natt1val1,-0.179347,\'jumps quick dog the brown jumps jumps lazy jumps\',2057-01-01,class1',no,no
att1val1,1.052201,'jumps lazy lazy jumps brown jumps dog quick over',2058-01-01,'att1val1,0.273493,\'jumps dog lazy lazy jumps The The fox fox\',2092-01-01,class1\natt1val1,-0.347575,\'the the The over the fox brown jumps fox\',2069-01-01,class1\natt1val1,0.199961,\'The fox fox jumps quick the the dog fox\',2051-01-01,class1\natt1val2,-0.127506,\'fox jumps jumps brown lazy the the brown over\',2065-01-01,class1\natt1val1,0.321172,\'over The jumps over lazy jumps over fox quick\',2026-01-01,class1\natt1val1,0.274851,\'quick The The brown over jumps jumps over jumps\',2067-01-01,class1\natt1val1,0.495377,\'quick over quick brown dog over quick quick quick\',2096-01-01,class1\natt1val1,-0.331572,\'dog the over fox The lazy quick the The\',2073-01-01,class1\natt1val1,0.346548,\'over over The lazy quick jumps the the fox\',2007-01-01,class1\natt1val1,0.285997,\'brown fox The fox fox jumps dog lazy jumps\',2002-01-01,class1',no,no
att1val1,3.97714,'the fox lazy dog The The dog dog dog',2052-01-01,'att1val1,0.396382,\'brown over dog fox jumps lazy fox lazy quick\',2073-01-01,class1\natt1val1,-0.440948,\'The over fox jumps dog quick dog jumps dog\',2060-01-01,class1\natt1val1,0.482499,\'lazy over The fox the lazy brown fox lazy\',2091-01-01,class1\natt1val1,-0.238921,\'lazy fox The over fox dog jumps over over\',2017-01-01,class1\natt1val1,0.021831,\'brown The the jumps dog the fox dog dog\',2007-01-01,class1\natt1val1,0.461361,\'quick fox over lazy the brown jumps quick jumps\',2052-01-01,class1\natt1val2,-0.194486,\'over jumps fox fox dog dog lazy jumps The\',2009-01-01,class1\natt1val1,0.376086,\'dog dog brown dog lazy dog dog jumps lazy\',2090-01-01,class1\natt1val1,0.200998,\'fox The jumps over over brown The the lazy\',2070-01-01,class1\natt1val1,-0.133036,\'The the The brown lazy jumps the over brown\',2089-01-01,class1',no,no
att1val1,1.989802,'the brown over over dog jumps the quick brown',2062-01-01,'att1val1,-0.445535,\'the lazy the brown quick over dog the lazy\',2027-01-01,class1\natt1val1,-0.459482,\'the fox fox the quick dog The over quick\',2069-01-01,class1\natt1val2,0.349231,\'over The over lazy fox The dog quick The\',2082-01-01,class1\natt1val1,0.361636,\'The over The jumps over jumps brown quick the\',2038-01-01,class1\natt1val1,0.031984,\'lazy dog The the The over jumps The The\',2000-01-01,class1\natt1val1,-0.283647,\'lazy lazy brown fox fox lazy dog quick over\',2063-01-01,class1\natt1val1,-0.430732,\'lazy over brown the lazy the jumps fox over\',2087-01-01,class1\natt1val1,0.234611,\'over jumps fox The brown over dog The dog\',2048-01-01,class1\natt1val1,-0.23757,\'lazy The fox over fox quick dog brown lazy\',2057-01-01,class1\natt1val1,0.345476,\'over lazy quick dog fox jumps over the over\',2042-01-01,class1',no,no
att1val1,2.837901,'dog brown lazy quick lazy The fox quick jumps',2042-01-01,'att1val1,0.406991,\'over fox brown brown quick the jumps fox brown\',2004-01-01,class1\natt1val1,0.072236,\'quick The The lazy quick fox The over fox\',2055-01-01,class2\natt1val1,-0.396469,\'The over brown over lazy brown brown brown over\',2016-01-01,class1\natt1val1,0.242538,\'dog brown fox quick jumps brown quick jumps quick\',2093-01-01,class1\natt1val1,-0.163343,\'quick over fox jumps the The over brown fox\',2003-01-01,class1\natt1val1,0.200241,\'fox fox fox quick the The The The The\',2063-01-01,class1\natt1val1,-0.253989,\'over brown over lazy The over The brown fox\',2049-01-01,class1\natt1val1,0.471487,\'The brown fox dog brown the brown the The\',2086-01-01,class1\natt1val1,-0.385575,\'the dog brown quick fox over over jumps The\',2085-01-01,class1\natt1val1,-0.388664,\'The The fox over dog jumps jumps brown lazy\',2077-01-01,class1',no,no
att1val1,2.603871,'fox The quick lazy jumps over quick fox over',2030-01-01,'att1val1,-0.015063,\'quick lazy dog dog the the over dog dog\',2089-01-01,class1\natt1val1,-0.030952,\'lazy lazy lazy quick quick over the brown fox\',2000-01-01,class1\natt1val1,-0.315737,\'jumps brown over quick the jumps quick quick lazy\',2097-01-01,class1\natt1val1,-0.417576,\'over fox quick jumps The lazy over dog jumps\',2036-01-01,class1\natt1val1,-0.075163,\'fox quick over quick the The The dog The\',2079-01-01,class1\natt1val1,-0.445898,\'over fox the The dog fox quick the quick\',2085-01-01,class1\natt1val1,0.174187,\'fox over quick brown the The lazy jumps the\',2025-01-01,class1\natt1val1,0.459992,\'dog jumps jumps brown the fox fox over jumps\',2063-01-01,class1\natt1val1,-0.181937,\'brown brown jumps the over the the brown brown\',2083-01-01,class1\natt1val1,0.323199,\'quick dog jumps the jumps fox the quick dog\',2012-01-01,class1',no,no
att1val1,2.413876,'fox The jumps dog The brown lazy The dog',2082-01-01,'att1val1,0.460321,\'The dog jumps the dog over The over brown\',2079-01-01,class1\natt1val1,0.325527,\'The jumps over The quick jumps dog fox brown\',2080-01-01,class1\natt1val1,0.108184,\'brown dog the The the brown lazy quick dog\',2043-01-01,class2\natt1val2,0.379827,\'brown fox The The The The quick The dog\',2093-01-01,class1\natt1val1,0.447864,\'the jumps fox jumps brown The lazy The quick\',2067-01-01,class1\natt1val2,-0.131862,\'jumps jumps fox fox over fox The fox The\',2013-01-01,class1\natt1val1,-0.474517,\'jumps over dog quick quick dog the jumps lazy\',2014-01-01,class1\natt1val1,0.306224,\'lazy The lazy The over the fox the lazy\',2068-01-01,class1\natt1val1,0.233114,\'the dog lazy over fox brown brown fox fox\',2086-01-01,class1\natt1val1,0.091611,\'fox jumps over the the the The the The\',2023-01-01,class1',no,no
att1val1,-0.038343,'The jumps dog dog quick The jumps fox brown',2005-01-01,'att1val1,0.022669,\'brown fox the over lazy lazy brown quick quick\',2023-01-01,class1\natt1val1,0.098816,\'quick dog fox quick over the The quick The\',2009-01-01,class1\natt1val1,-0.334227,\'The jumps over lazy The quick the quick over\',2028-01-01,class1\natt1val1,0.262991,\'The fox dog quick quick brown lazy The lazy\',2095-01-01,class1\natt1val1,0.365844,\'over fox jumps jumps fox The jumps over dog\',2051-01-01,class1\natt1val2,0.407329,\'jumps The the quick fox dog over the jumps\',2043-01-01,class1\natt1val1,0.075004,\'fox fox over dog jumps over dog quick over\',2043-01-01,class1\natt1val1,-0.105106,\'fox The quick quick fox The dog the over\',2062-01-01,class1\natt1val1,-0.299041,\'The fox over The brown fox brown The dog\',2088-01-01,class1\natt1val1,0.394635,\'dog quick The dog quick The brown dog over\',2085-01-01,class1',no,no
att1val1,0.777214,'fox fox the dog lazy fox lazy quick The',2007-01-01,'att1val1,-0.221707,\'brown lazy dog fox fox quick quick The quick\',2011-01-01,class1\natt1val1,-0.457016,\'lazy brown dog fox quick lazy jumps over brown\',2047-01-01,class1\natt1val1,-0.450266,\'jumps brown the over lazy the quick the brown\',2006-01-01,class1\natt1val1,-0.029854,\'fox the fox The brown jumps jumps over dog\',2014-01-01,class2\natt1val1,0.211406,\'over dog over brown brown dog dog dog quick\',2069-01-01,class1\natt1val1,0.145886,\'fox quick quick the the quick the over lazy\',2012-01-01,class1\natt1val1,-0.450386,\'over the The jumps dog brown dog the lazy\',2076-01-01,class1\natt1val1,0.136911,\'fox the over fox dog dog dog the lazy\',2035-01-01,class1\natt1val1,-0.433752,\'dog jumps jumps lazy the jumps quick jumps over\',2002-01-01,class1\natt1val1,0.367838,\'over lazy quick the jumps over jumps lazy jumps\',2059-01-01,class1',no,no
