978 tokens
H
Hu
Hum
u
um
ump
m
mp
mpt
p
pt
pty
t
ty
ty 
y
y 
y D
 
 D
 Du
D
Du
Dum
u
um
ump
m
mp
mpt
p
pt
pty
t
ty
ty 
y
y 
y w
 
 w
 wa
w
wa
was
a
as
as 
s
s 
s s
 
 s
 si
s
si
sit
i
it
itt
t
tt
tti
t
ti
tin
i
in
ing
n
ng
ng,
g
g,
g, 
,
, 
, w
 
 w
 wi
w
wi
wit
i
it
ith
t
th
th 
h
h 
h h
 
 h
 hi
h
hi
his
i
is
is 
s
s 
s l
 
 l
 le
l
le
leg
e
eg
egs
g
gs
gs 
s
s 
s c
 
 c
 cr
c
cr
cro
r
ro
ros
o
os
oss
s
ss
sse
s
se
sed
e
ed
ed 
d
d 
d l
 
 l
 li
l
li
lik
i
ik
ike
k
ke
ke 
e
e 
e a
 
 a
 a 
a
a 
a T
 
 T
 Tu
T
Tu
Tur
u
ur
urk
r
rk
rk,
k
k,
k, 
,
, 
, o
 
 o
 on
o
on
on 
n
n 
n t
 
 t
 th
t
th
the
h
he
he 
e
e 
e t
 
 t
 to
t
to
top
o
op
op 
p
p 
p o
 
 o
 of
o
of
of 
f
f 
f a
 
 a
 a 
a
a 
a h
 
 h
 hi
h
hi
hig
i
ig
igh
g
gh
gh 
h
h 
h w
 
 w
 wa
w
wa
wal
a
al
all
l
ll
ll 
l
l 
l -
 
 -
 --
-
--
-- 
-
- 
- s
 
 s
 su
s
su
suc
u
uc
uch
c
ch
ch 
h
h 
h a
 
 a
 a 
a
a 
a n
 
 n
 na
n
na
nar
a
ar
arr
r
rr
rro
r
ro
row
o
ow
ow 
w
w 
w o
 
 o
 on
o
on
one
n
ne
ne 
e
e 
e t
 
 t
 th
t
th
tha
h
ha
hat
a
at
at 
t
t 
t A
 
 A
 Al
A
Al
Ali
l
li
lic
i
ic
ice
c
ce
ce 
e
e 
e q
 
 q
 qu
q
qu
qui
u
ui
uit
i
it
ite
t
te
te 
e
e 
e w
 
 w
 wo
w
wo
won
o
on
ond
n
nd
nde
d
de
der
e
er
ere
r
re
red
e
ed
ed 
d
d 
d h
 
 h
 ho
h
ho
how
o
ow
ow 
w
w 
w h
 
 h
 he
h
he
he 
e
e 
e c
 
 c
 co
c
co
cou
o
ou
oul
u
ul
uld
l
ld
ld 
d
d 
d k
 
 k
 ke
k
ke
kee
e
ee
eep
e
ep
ep 
p
p 
p h
 
 h
 hi
h
hi
his
i
is
is 
s
s 
s b
 
 b
 ba
b
ba
bal
a
al
ala
l
la
lan
a
an
anc
n
nc
nce
c
ce
ce 
e
e 
e -
 
 -
 --
-
--
-- 
-
- 
- a
 
 a
 an
a
an
and
n
nd
nd,
d
d,
d, 
,
, 
, a
 
 a
 as
a
as
as 
s
s 
s h
 
 h
 hi
h
hi
his
i
is
is 
s
s 
s e
 
 e
 ey
e
ey
eye
y
ye
yes
e
es
es 
s
s 
s w
 
 w
 we
w
we
wer
e
er
ere
r
re
re 
e
e 
e s
 
 s
 st
s
st
ste
t
te
tea
e
ea
ead
a
ad
adi
d
di
dil
i
il
ily
l
ly
ly 
y
y 
y f
 
 f
 fi
f
fi
fix
i
ix
ixe
x
xe
xed
e
ed
ed 
d
d 
d i
 
 i
 in
i
in
in 
n
n 
n t
 
 t
 th
t
th
the
h
he
he 
e
e 
e o
 
 o
 op
o
op
opp
p
pp
ppo
p
po
pos
o
os
osi
s
si
sit
i
it
ite
t
te
te 
e
e 
e d
 
 d
 di
d
di
dir
i
ir
ire
r
re
rec
e
ec
ect
c
ct
cti
t
ti
tio
i
io
ion
o
on
on,
n
n,
n, 
,
, 
, a
 
 a
 an
a
an
and
n
nd
nd 
d
d 
d h
 
 h
 he
h
he
he 
e
e 
e d
 
 d
 di
d
di
did
i
id
idn
d
dn
dn'
n
n'
n't
'
't
't 
t
t 
t t
 
 t
 ta
t
ta
tak
a
ak
ake
k
ke
ke 
e
e 
e t
 
 t
 th
t
th
the
h
he
he 
e
e 
e l
 
 l
 le
l
le
lea
e
ea
eas
a
as
ast
s
st
st 
t
t 
t n
 
 n
 no
n
no
not
o
ot
oti
t
ti
tic
i
ic
ice
c
ce
ce 
e
e 
e o
 
 o
 of
o
of
of 
f
f 
f h
 
 h
 he
h
he
her
e
er
er,
r
r,
r, 
,
, 
, s
 
 s
 sh
s
sh
she
h
he
he 
e
e 
e t
 
 t
 th
t
th
tho
h
ho
hou
o
ou
oug
u
ug
ugh
g
gh
ght
h
ht
ht 
t
t 
t h
 
 h
 he
h
he
he 
e
e 
e m
 
 m
 mu
m
mu
mus
u
us
ust
s
st
st 
t
t 
t b
 
 b
 be
b
be
be 
e
e 
e a
 
 a
 a 
a
a 
a s
 
 s
 st
s
st
stu
t
tu
tuf
u
uf
uff
f
ff
ffe
f
fe
fed
e
ed
ed 
d
d 
d f
 
 f
 fi
f
fi
fig
i
ig
igu
g
gu
gur
u
ur
ure
r
re
re,
e
e,
e, 
,
, 
, a
 
 a
 af
a
af
aft
f
ft
fte
t
te
ter
e
er
er 
r
r 
r a
 
 a
 al
a
al
all
l
ll
ll.
l
l.
.

627 tokens
T
Th
The
h
he
he 
e
e 
e p
 
 p
 pl
p
pl
pla
l
la
lan
a
an
ane
n
ne
net
e
et
et 
t
t 
t M
 
 M
 Ma
M
Ma
Mar
a
ar
ars
r
rs
rs,
s
s,
s, 
,
, 
, I
 
 I
 I 
I
I 
I s
 
 s
 sc
s
sc
sca
c
ca
car
a
ar
arc
r
rc
rce
c
ce
cel
e
el
ely
l
ly
ly 
y
y 
y n
 
 n
 ne
n
ne
nee
e
ee
eed
e
ed
ed 
d
d 
d r
 
 r
 re
r
re
rem
e
em
emi
m
mi
min
i
in
ind
n
nd
nd 
d
d 
d t
 
 t
 th
t
th
the
h
he
he 
e
e 
e r
 
 r
 re
r
re
rea
e
ea
ead
a
ad
ade
d
de
der
e
er
er,
r
r,
r, 
,
, 
, r
 
 r
 re
r
re
rev
e
ev
evo
v
vo
vol
o
ol
olv
l
lv
lve
v
ve
ves
e
es
es 
s
s 
s a
 
 a
 ab
a
ab
abo
b
bo
bou
o
ou
out
u
ut
ut 
t
t 
t t
 
 t
 th
t
th
the
h
he
he 
e
e 
e s
 
 s
 su
s
su
sun
u
un
un 
n
n 
n a
 
 a
 at
a
at
at 
t
t 
t a
 
 a
 a 
a
a 
a m
 
 m
 me
m
me
mea
e
ea
ean
a
an
an 
n
n 
n d
 
 d
 di
d
di
dis
i
is
ist
s
st
sta
t
ta
tan
a
an
anc
n
nc
nce
c
ce
ce 
e
e 
e o
 
 o
 of
o
of
of 
f
f 
f 1
 
 1
 14
1
14
140
4
40
40,
0
0,
0,0
,
,0
,00
0
00
000
0
00
00,
0
0,
0,0
,
,0
,00
0
00
000
0
00
00 
0
0 
0 m
 
 m
 mi
m
mi
mil
i
il
ile
l
le
les
e
es
es,
s
s,
s, 
,
, 
, a
 
 a
 an
a
an
and
n
nd
nd 
d
d 
d t
 
 t
 th
t
th
the
h
he
he 
e
e 
e l
 
 l
 li
l
li
lig
i
ig
igh
g
gh
ght
h
ht
ht 
t
t 
t a
 
 a
 an
a
an
and
n
nd
nd 
d
d 
d h
 
 h
 he
h
he
hea
e
ea
eat
a
at
at 
t
t 
t i
 
 i
 it
i
it
it 
t
t 
t r
 
 r
 re
r
re
rec
e
ec
ece
c
ce
cei
e
ei
eiv
i
iv
ive
v
ve
ves
e
es
es 
s
s 
s f
 
 f
 fr
f
fr
fro
r
ro
rom
o
om
om 
m
m 
m t
 
 t
 th
t
th
the
h
he
he 
e
e 
e s
 
 s
 su
s
su
sun
u
un
un 
n
n 
n i
 
 i
 is
i
is
is 
s
s 
s b
 
 b
 ba
b
ba
bar
a
ar
are
r
re
rel
e
el
ely
l
ly
ly 
y
y 
y h
 
 h
 ha
h
ha
hal
a
al
alf
l
lf
lf 
f
f 
f o
 
 o
 of
o
of
of 
f
f 
f t
 
 t
 th
t
th
tha
h
ha
hat
a
at
at 
t
t 
t r
 
 r
 re
r
re
rec
e
ec
ece
c
ce
cei
e
ei
eiv
i
iv
ive
v
ve
ved
e
ed
ed 
d
d 
d b
 
 b
 by
b
by
by 
y
y 
y t
 
 t
 th
t
th
thi
h
hi
his
i
is
is 
s
s 
s w
 
 w
 wo
w
wo
wor
o
or
orl
r
rl
rld
l
ld
ld.
d
d.
.

567 tokens
I
I'
I'v
'
'v
've
v
ve
ve 
e
e 
e s
 
 s
 st
s
st
stu
t
tu
tud
u
ud
udi
d
di
die
i
ie
ied
e
ed
ed 
d
d 
d n
 
 n
 no
n
no
now
o
ow
ow 
w
w 
w P
 
 P
 Ph
P
Ph
Phi
h
hi
hil
i
il
ilo
l
lo
los
o
os
oso
s
so
sop
o
op
oph
p
ph
phy
h
hy
hy 
y
y 
y A
 
 A
 An
A
An
And
n
nd
nd 
d
d 
d J
 
 J
 Ju
J
Ju
Jur
u
ur
uri
r
ri
ris
i
is
isp
s
sp
spr
p
pr
pru
r
ru
rud
u
ud
ude
d
de
den
e
en
enc
n
nc
nce
c
ce
ce,
e
e,
e, 
,
, 
, M
 
 M
 Me
M
Me
Med
e
ed
edi
d
di
dic
i
ic
ici
c
ci
cin
i
in
ine
n
ne
ne,
e
e,
e, 
,
, 
, A
 
 A
 An
A
An
And
n
nd
nd 
d
d 
d e
 
 e
 ev
e
ev
eve
v
ve
ven
e
en
en,
n
n,
n, 
,
, 
, a
 
 a
 al
a
al
ala
l
la
las
a
as
as!
s
s!
s! 
!
! 
! T
 
 T
 Th
T
Th
The
h
he
heo
e
eo
eol
o
ol
olo
l
lo
log
o
og
ogy
g
gy
gy 
y
y 
y A
 
 A
 Al
A
Al
All
l
ll
ll 
l
l 
l t
 
 t
 th
t
th
thr
h
hr
hro
r
ro
rou
o
ou
oug
u
ug
ugh
g
gh
gh 
h
h 
h a
 
 a
 an
a
an
and
n
nd
nd 
d
d 
d t
 
 t
 th
t
th
thr
h
hr
hro
r
ro
rou
o
ou
oug
u
ug
ugh
g
gh
gh 
h
h 
h w
 
 w
 wi
w
wi
wit
i
it
ith
t
th
th 
h
h 
h a
 
 a
 ar
a
ar
ard
r
rd
rdo
d
do
dou
o
ou
our
u
ur
ur 
r
r 
r k
 
 k
 ke
k
ke
kee
e
ee
een
e
en
en!
n
n!
n! 
!
! 
! H
 
 H
 He
H
He
Her
e
er
ere
r
re
re 
e
e 
e n
 
 n
 no
n
no
now
o
ow
ow 
w
w 
w I
 
 I
 I 
I
I 
I s
 
 s
 st
s
st
sta
t
ta
tan
a
an
and
n
nd
nd,
d
d,
d, 
,
, 
, p
 
 p
 po
p
po
poo
o
oo
oor
o
or
or 
r
r 
r f
 
 f
 fo
f
fo
foo
o
oo
ool
o
ol
ol,
l
l,
l, 
,
, 
, a
 
 a
 an
a
an
and
n
nd
nd 
d
d 
d s
 
 s
 se
s
se
see
e
ee
ee 
e
e 
e I
 
 I
 I'
I
I'
I'm
'
'm
'm 
m
m 
m j
 
 j
 ju
j
ju
jus
u
us
ust
s
st
st 
t
t 
t a
 
 a
 as
a
as
as 
s
s 
s w
 
 w
 wi
w
wi
wis
i
is
ise
s
se
se 
e
e 
e a
 
 a
 as
a
as
as 
s
s 
s f
 
 f
 fo
f
fo
for
o
or
orm
r
rm
rme
m
me
mer
e
er
erl
r
rl
rly
l
ly
ly.
y
y.
.

