
PredictiveApriori
===================


Best rules found:

  1. Nominal1=att1val2 12 ==> Class=class2 12    acc:(0.97634)
  2. Nominal2=att2val2 11 ==> Class=class2 11    acc:(0.97379)
  3. Class=class1 7 ==> Nominal1=att1val1 Nominal2=att2val1 7    acc:(0.95774)
  4. Nominal1=att1val1 Nominal2=att2val1 7 ==> Class=class1 7    acc:(0.95774)
  5. Class=class2 13 ==> Nominal1=att1val2 12    acc:(0.88609)
  6. Nominal2=att2val2 11 ==> Nominal1=att1val2 Class=class2 10    acc:(0.87151)
  7. Nominal1=att1val1 8 ==> Nominal2=att2val1 Class=class1 7    acc:(0.83867)
  8. Class=class2 13 ==> Nominal2=att2val2 11    acc:(0.82923)
  9. Nominal1=att1val2 12 ==> Nominal2=att2val2 Class=class2 10    acc:(0.81923)
 10. Class=class2 13 ==> Nominal1=att1val2 Nominal2=att2val2 10    acc:(0.77391)
 11. Nominal2=att2val1 9 ==> Nominal1=att1val1 Class=class1 7    acc:(0.76974)
 12. Nominal2=att2val1 9 ==> Nominal1=att1val2 Class=class2 2    acc:(0.30723)
 13. Nominal1=att1val2 12 ==> Nominal2=att2val1 Class=class2 2    acc:(0.23309)
 14. Class=class2 13 ==> Nominal1=att1val2 Nominal2=att2val1 2    acc:(0.21383)


PredictiveApriori
===================


Best rules found:

  1. Nominal2=att2val2 3 ==> Nominal1=att1val1 3    acc:(0.90252)
  2. Nominal1=att1val2 2 ==> Nominal2=att2val1 2    acc:(0.89171)
  3. Nominal2=att2val1 17 ==> Nominal1=att1val1 15    acc:(0.84873)
  4. Nominal1=att1val1 18 ==> Nominal2=att2val1 15    acc:(0.83245)
  5. Nominal1=att1val1 18 ==> Nominal2=att2val2 3    acc:(0.14188)
  6. Nominal2=att2val1 17 ==> Nominal1=att1val2 2    acc:(0.136)

